From: "Support Team" <help@example.com>
To: "Jan de Vries" <jan@example.org>
Subject: Your order
Date: Wed, 04 Mar 2026 10:30:00 +0000
Message-Id: <echoo.abc.123@example.com>
Mime-Version: 1.0
Content-Type: text/plain; charset=utf-8
Content-Transfer-Encoding: quoted-printable

Hello,
your order has shipped.
